npm notice run iopsych@0.1.0 check
npm notice run run-s format:check lint typecheck test
npm notice run iopsych@0.1.0 format:check
npm notice run run-s format:check:js format:check:api
npm notice run iopsych@0.1.0 format:check:js
npm notice run prettier --check README.md compose.yaml package.json prettier.config.mjs tsconfig.base.json '.github/**/*.{yml,yaml}' 'apps/**/*.{css,js,json,md,mjs,ts,tsx}' 'packages/**/*.{css,js,json,md,mjs,ts,tsx}'
Checking formatting...
All matched files use Prettier code style!
npm notice run iopsych@0.1.0 format:check:api
npm notice run .venv/bin/python -m ruff format --check --config apps/api/pyproject.toml apps/api packages/shared/python scripts/security_smoke.py
81 files already formatted
npm notice run iopsych@0.1.0 lint
npm notice run run-s lint:js lint:api
npm notice run iopsych@0.1.0 lint:js
npm notice run npm run lint --workspaces --if-present
npm notice run @iopsych/web@0.1.0 lint
npm notice run eslint . --max-warnings=0
npm notice run @iopsych/shared@0.1.0 lint
npm notice run eslint src scripts vitest.config.ts --max-warnings=0
npm notice run iopsych@0.1.0 lint:api
npm notice run .venv/bin/python -m ruff check --config apps/api/pyproject.toml apps/api packages/shared/python scripts/security_smoke.py
All checks passed!
npm notice run iopsych@0.1.0 typecheck
npm notice run run-s typecheck:js typecheck:api
npm notice run iopsych@0.1.0 typecheck:js
npm notice run npm run typecheck --workspaces --if-present
npm notice run @iopsych/web@0.1.0 typecheck
npm notice run next typegen && tsc --noEmit
Generating route types...
✓ Types generated successfully
npm notice run @iopsych/shared@0.1.0 typecheck
npm notice run tsc --noEmit
npm notice run iopsych@0.1.0 typecheck:api
npm notice run .venv/bin/python -m mypy --config-file apps/api/pyproject.toml apps/api/app apps/api/tests packages/shared/python/iopsych_contracts packages/shared/python/tests scripts/security_smoke.py
Success: no issues found in 71 source files
npm notice run iopsych@0.1.0 test
npm notice run run-s test:js test:contracts:python test:api
npm notice run iopsych@0.1.0 test:js
npm notice run npm run test --workspaces --if-present
npm notice run @iopsych/web@0.1.0 test
npm notice run vitest run --coverage

 RUN  v5.0.2 /Users/danielmace/learnig/iopsych/apps/web
      Coverage enabled with v8


 Test Files  22 passed (22)
      Tests  99 passed (99)
   Start at  00:52:03
   Duration  1.81s (environment 42%, tests 27%, import 19%, transform 9%, worker 3%)

 % Coverage report from v8
-------------------|---------|----------|---------|---------|-------------------
File               | % Stmts | % Branch | % Funcs | % Lines | Uncovered Line #s 
-------------------|---------|----------|---------|---------|-------------------
All files          |   90.27 |    84.71 |   90.79 |   91.57 |                   
 ...nvites/[token] |   88.12 |    84.95 |      90 |   90.06 |                   
  ...ssessment.tsx |   88.12 |    84.95 |      90 |   90.06 | ...34,384,616-646 
 web/app/privacy   |   88.57 |    82.25 |   95.83 |   90.09 |                   
  page.tsx         |       0 |      100 |       0 |       0 | 5-11              
  ...workspace.tsx |   90.29 |    82.25 |     100 |   91.91 | ...47,162-163,188 
 web/app/reports   |   96.77 |    87.17 |   97.56 |     100 |                   
  ...workspace.tsx |      96 |    85.29 |   96.77 |     100 | ...61-167,176-192 
 web/app/roles     |   88.88 |    80.76 |   92.85 |    87.8 |                   
  ...workspace.tsx |   88.88 |    80.76 |   92.85 |    87.8 | 26,50,89-90,215   
 ...roles/[roleId] |   69.74 |    72.64 |      65 |   71.68 |                   
  ...workspace.tsx |   69.74 |    72.64 |      65 |   71.68 | ...69-570,617-677 
 web/app/sign-in   |   95.23 |    81.25 |   66.66 |     100 |                   
  sign-in-form.tsx |   95.23 |    81.25 |   66.66 |     100 | 17,28-40          
 web/lib           |   98.52 |     89.7 |     100 |   98.38 |                   
  api-client.ts    |     100 |    88.46 |     100 |     100 | 82,219,223        
  candidate-api.ts |     100 |    93.33 |     100 |     100 | 46                
  ...te-storage.ts |    92.3 |       75 |     100 |   91.66 | 31,82             
  ...al-session.ts |     100 |       90 |     100 |     100 | 4                 
-------------------|---------|----------|---------|---------|-------------------

=============================== Coverage summary ===============================
Statements   : 90.27% ( 733/812 )
Branches     : 84.71% ( 499/589 )
Functions    : 90.79% ( 217/239 )
Lines        : 91.57% ( 696/760 )
================================================================================
npm notice run @iopsych/shared@0.1.0 test
npm notice run vitest run

 RUN  v5.0.2 /Users/danielmace/learnig/iopsych/packages/shared


 Test Files  3 passed (3)
      Tests  99 passed (99)
   Start at  00:52:05
   Duration  159ms (transform 46%, import 40%, tests 12%, worker 2%)

npm notice run iopsych@0.1.0 test:contracts:python
npm notice run .venv/bin/python -m pytest -c packages/shared/python/pyproject.toml packages/shared/python/tests
============================= test session starts ==============================
platform darwin -- Python 3.14.5, pytest-9.1.1, pluggy-1.6.0
rootdir: /Users/danielmace/learnig/iopsych/packages/shared/python
configfile: pyproject.toml
plugins: cov-7.1.0, anyio-4.15.1
collected 93 items

packages/shared/python/tests/test_assessment.py ........................ [ 25%]
........                                                                 [ 34%]
packages/shared/python/tests/test_contracts.py ...............           [ 50%]
packages/shared/python/tests/test_matching.py .......................... [ 78%]
....................                                                     [100%]

================================ tests coverage ================================
_______________ coverage: platform darwin, python 3.14.5-final-0 _______________

Name                                                          Stmts   Miss  Cover   Missing
-------------------------------------------------------------------------------------------
packages/shared/python/iopsych_contracts/__init__.py              7      0   100%
packages/shared/python/iopsych_contracts/assessment.py          172      0   100%
packages/shared/python/iopsych_contracts/constructs.py           34      0   100%
packages/shared/python/iopsych_contracts/matching.py            156      0   100%
packages/shared/python/iopsych_contracts/problem_details.py      11      0   100%
packages/shared/python/iopsych_contracts/role_extraction.py      30      0   100%
packages/shared/python/iopsych_contracts/scoring_config.py       35      0   100%
-------------------------------------------------------------------------------------------
TOTAL                                                           445      0   100%
Required test coverage of 100% reached. Total coverage: 100.00%
============================== 93 passed in 0.11s ==============================
npm notice run iopsych@0.1.0 test:api
npm notice run .venv/bin/python -m pytest apps/api
============================= test session starts ==============================
platform darwin -- Python 3.14.5, pytest-9.1.1, pluggy-1.6.0
rootdir: /Users/danielmace/learnig/iopsych/apps/api
configfile: pyproject.toml
plugins: cov-7.1.0, anyio-4.15.1
collected 129 items

apps/api/tests/test_auth_tokens.py ............................          [ 21%]
apps/api/tests/test_authorization.py ............                        [ 31%]
apps/api/tests/test_database.py .......                                  [ 36%]
apps/api/tests/test_database_migrations.py ....                          [ 39%]
apps/api/tests/test_health.py .                                          [ 40%]
apps/api/tests/test_invitations.py ............                          [ 49%]
apps/api/tests/test_privacy.py ....                                      [ 52%]
apps/api/tests/test_reports.py ..............                            [ 63%]
apps/api/tests/test_reports_postgres.py ..                               [ 65%]
apps/api/tests/test_role_extraction.py ................................  [ 89%]
apps/api/tests/test_roles_api.py .....                                   [ 93%]
apps/api/tests/test_security.py .......                                  [ 99%]
apps/api/tests/test_shared_contracts.py .                                [100%]

=============================== warnings summary ===============================
.venv/lib/python3.14/site-packages/fastapi/testclient.py:1
  /Users/danielmace/learnig/iopsych/.venv/lib/python3.14/site-packages/fastapi/testclient.py:1: StarletteDeprecationWarning: Using `httpx` with `starlette.testclient` is deprecated; install `httpx2` instead.
    from starlette.testclient import TestClient as TestClient  # noqa

-- Docs: https://docs.pytest.org/en/stable/how-to/capture-warnings.html
================================ tests coverage ================================
_______________ coverage: platform darwin, python 3.14.5-final-0 _______________

Name                                     Stmts   Miss  Cover   Missing
----------------------------------------------------------------------
apps/api/app/__init__.py                     0      0   100%
apps/api/app/audit.py                      126      0   100%
apps/api/app/auth/__init__.py                5      0   100%
apps/api/app/auth/config.py                 23      0   100%
apps/api/app/auth/context.py                11      0   100%
apps/api/app/auth/dependencies.py           49      0   100%
apps/api/app/auth/errors.py                 44      0   100%
apps/api/app/auth/tokens.py                101      0   100%
apps/api/app/database/__init__.py            4      0   100%
apps/api/app/database/base.py               31      0   100%
apps/api/app/database/config.py              9      0   100%
apps/api/app/database/models.py            135      0   100%
apps/api/app/database/repositories.py       45      0   100%
apps/api/app/database/seed.py               60      0   100%
apps/api/app/database/session.py            35      0   100%
apps/api/app/database/verify.py             31      0   100%
apps/api/app/extraction/__init__.py          3      0   100%
apps/api/app/extraction/config.py           46      0   100%
apps/api/app/extraction/provider.py         84      0   100%
apps/api/app/extraction/service.py          41      0   100%
apps/api/app/invitations/__init__.py         0      0   100%
apps/api/app/invitations/config.py          61      0   100%
apps/api/app/invitations/delivery.py        24      0   100%
apps/api/app/invitations/logging.py         42      0   100%
apps/api/app/invitations/rate_limit.py      44      0   100%
apps/api/app/invitations/router.py          62      0   100%
apps/api/app/invitations/schemas.py         55      0   100%
apps/api/app/invitations/service.py        176      0   100%
apps/api/app/invitations/tokens.py          54      0   100%
apps/api/app/main.py                        71      0   100%
apps/api/app/privacy/__init__.py             3      0   100%
apps/api/app/privacy/config.py               8      0   100%
apps/api/app/privacy/retention.py            9      0   100%
apps/api/app/privacy/router.py              38      0   100%
apps/api/app/privacy/schemas.py             23      0   100%
apps/api/app/privacy/service.py            118      0   100%
apps/api/app/reports/__init__.py             0      0   100%
apps/api/app/reports/router.py              31      0   100%
apps/api/app/reports/schemas.py              9      0   100%
apps/api/app/reports/service.py             60      0   100%
apps/api/app/roles/__init__.py               0      0   100%
apps/api/app/roles/router.py                74      0   100%
apps/api/app/roles/schemas.py               44      0   100%
apps/api/app/roles/service.py              145      0   100%
apps/api/app/security.py                    30      0   100%
----------------------------------------------------------------------
TOTAL                                     2064      0   100%
Required test coverage of 100% reached. Total coverage: 100.00%
======================== 129 passed, 1 warning in 2.54s ========================
